Component: ARM Compiler 5.06 update 5 (build 528) Tool: armlink [4d35e2]

==============================================================================

Section Cross References

    main.o(i.SysTick_Handler) refers to main.o(.data) for delay_dec
    main.o(i.delay_ms) refers to main.o(.data) for delay_dec
    main.o(i.main) refers to hw_config.o(i.SysTickInit) for SysTickInit
    main.o(i.main) refers to hw_config.o(i.PORTS_Init) for PORTS_Init
    main.o(i.main) refers to melt_mt_10t7.o(i.Init_MT_10T7) for Init_MT_10T7
    main.o(i.main) refers to melt_mt_10t7.o(i.writeNumber) for writeNumber
    main.o(i.main) refers to main.o(i.delay_ms) for delay_ms
    main.o(i.main) refers to mdr32f9qx_timer.o(i.TIMER_GetCounter) for TIMER_GetCounter
    hw_config.o(i.PORTS_Init) refers to mdr32f9qx_rst_clk.o(i.RST_CLK_PCLKcmd) for RST_CLK_PCLKcmd
    hw_config.o(i.PORTS_Init) refers to mdr32f9qx_port.o(i.PORT_Init) for PORT_Init
    hw_config.o(i.initTimer1CaptureModeWithETR) refers to mdr32f9qx_timer.o(i.TIMER_CntInit) for TIMER_CntInit
    melt_mt_10t7.o(i.CLEAR_LCD_MELT) refers to melt_mt_10t7.o(i.writeSymbol) for writeSymbol
    melt_mt_10t7.o(i.Init_MT_10T7) refers to mdr32f9qx_port.o(i.PORT_ResetBits) for PORT_ResetBits
    melt_mt_10t7.o(i.Init_MT_10T7) refers to mdr32f9qx_port.o(i.PORT_WriteBit) for PORT_WriteBit
    melt_mt_10t7.o(i.Init_MT_10T7) refers to melt_mt_10t7.o(i.WR1_Latch) for WR1_Latch
    melt_mt_10t7.o(i.Init_MT_10T7) refers to mdr32f9qx_port.o(i.PORT_SetBits) for PORT_SetBits
    melt_mt_10t7.o(i.Init_MT_10T7) refers to melt_mt_10t7.o(i.CLEAR_LCD_MELT) for CLEAR_LCD_MELT
    melt_mt_10t7.o(i.WR1_Latch) refers to mdr32f9qx_port.o(i.PORT_SetBits) for PORT_SetBits
    melt_mt_10t7.o(i.WR1_Latch) refers to mdr32f9qx_port.o(i.PORT_ResetBits) for PORT_ResetBits
    melt_mt_10t7.o(i.writeDigit) refers to melt_mt_10t7.o(i.writeSymbol) for writeSymbol
    melt_mt_10t7.o(i.writeNumber) refers to _printf_percent.o(.ARM.Collect$$_printf_percent$$00000000) for _printf_percent
    melt_mt_10t7.o(i.writeNumber) refers to _printf_d.o(.ARM.Collect$$_printf_percent$$00000009) for _printf_d
    melt_mt_10t7.o(i.writeNumber) refers to _printf_dec.o(.text) for _printf_int_dec
    melt_mt_10t7.o(i.writeNumber) refers to __2sprintf.o(.text) for __2sprintf
    melt_mt_10t7.o(i.writeNumber) refers to melt_mt_10t7.o(i.writeDigit) for writeDigit
    melt_mt_10t7.o(i.writeNumber) refers to melt_mt_10t7.o(.constdata) for .constdata
    melt_mt_10t7.o(i.writeNumberFloat) refers to _printf_percent.o(.ARM.Collect$$_printf_percent$$00000000) for _printf_percent
    melt_mt_10t7.o(i.writeNumberFloat) refers to _printf_f.o(.ARM.Collect$$_printf_percent$$00000003) for _printf_f
    melt_mt_10t7.o(i.writeNumberFloat) refers to printf1.o(x$fpl$printf1) for _printf_fp_dec
    melt_mt_10t7.o(i.writeNumberFloat) refers to f2d.o(x$fpl$f2d) for __aeabi_f2d
    melt_mt_10t7.o(i.writeNumberFloat) refers to __2sprintf.o(.text) for __2sprintf
    melt_mt_10t7.o(i.writeNumberFloat) refers to melt_mt_10t7.o(i.writeDigit) for writeDigit
    melt_mt_10t7.o(i.writeNumberFloat) refers to melt_mt_10t7.o(.constdata) for .constdata
    melt_mt_10t7.o(i.writeSymbol) refers to mdr32f9qx_port.o(i.PORT_ResetBits) for PORT_ResetBits
    melt_mt_10t7.o(i.writeSymbol) refers to mdr32f9qx_port.o(i.PORT_WriteBit) for PORT_WriteBit
    melt_mt_10t7.o(i.writeSymbol) refers to melt_mt_10t7.o(i.WR1_Latch) for WR1_Latch
    melt_mt_10t7.o(i.writeSymbol) refers to mdr32f9qx_port.o(i.PORT_SetBits) for PORT_SetBits
    startup_mdr32f9qx.o(STACK) refers (Special) to heapauxi.o(.text) for __use_two_region_memory
    startup_mdr32f9qx.o(HEAP) refers (Special) to heapauxi.o(.text) for __use_two_region_memory
    startup_mdr32f9qx.o(RESET) refers (Special) to heapauxi.o(.text) for __use_two_region_memory
    startup_mdr32f9qx.o(RESET) refers to startup_mdr32f9qx.o(STACK) for __initial_sp
    startup_mdr32f9qx.o(RESET) refers to startup_mdr32f9qx.o(.text) for Reset_Handler
    startup_mdr32f9qx.o(RESET) refers to main.o(i.SysTick_Handler) for SysTick_Handler
    startup_mdr32f9qx.o(.text) refers (Special) to heapauxi.o(.text) for __use_two_region_memory
    startup_mdr32f9qx.o(.text) refers to system_mdr32f9qx.o(i.SystemInit) for SystemInit
    startup_mdr32f9qx.o(.text) refers to __main.o(!!!main) for __main
    startup_mdr32f9qx.o(.text) refers to startup_mdr32f9qx.o(HEAP) for Heap_Mem
    startup_mdr32f9qx.o(.text) refers to startup_mdr32f9qx.o(STACK) for Stack_Mem
    system_mdr32f9qx.o(i.SystemCoreClockUpdate) refers to system_mdr32f9qx.o(.data) for SystemCoreClock
    system_mdr32f9qx.o(i.SystemInit) refers to system_mdr32f9qx.o(i.SystemCoreClockUpdate) for SystemCoreClockUpdate
    mdr32f9qx_rst_clk.o(i.RST_CLK_CPU_PLLstatus) refers to mdr32f9qx_rst_clk.o(i.RST_CLK_GetFlagStatus) for RST_CLK_GetFlagStatus
    mdr32f9qx_rst_clk.o(i.RST_CLK_DeInit) refers to mdr32f9qx_rst_clk.o(i.RST_CLK_WarmDeInit) for RST_CLK_WarmDeInit
    mdr32f9qx_rst_clk.o(i.RST_CLK_DeInit) refers to mdr32f9qx_rst_clk.o(i.RST_CLK_PCLKcmd) for RST_CLK_PCLKcmd
    mdr32f9qx_rst_clk.o(i.RST_CLK_HSEstatus) refers to mdr32f9qx_rst_clk.o(i.RST_CLK_GetFlagStatus) for RST_CLK_GetFlagStatus
    mdr32f9qx_rst_clk.o(i.RST_CLK_HSIstatus) refers to mdr32f9qx_rst_clk.o(i.RST_CLK_GetFlagStatus) for RST_CLK_GetFlagStatus
    mdr32f9qx_rst_clk.o(i.RST_CLK_LSEstatus) refers to mdr32f9qx_rst_clk.o(i.RST_CLK_GetFlagStatus) for RST_CLK_GetFlagStatus
    mdr32f9qx_rst_clk.o(i.RST_CLK_LSIstatus) refers to mdr32f9qx_rst_clk.o(i.RST_CLK_GetFlagStatus) for RST_CLK_GetFlagStatus
    mdr32f9qx_rst_clk.o(i.RST_CLK_USB_PLLstatus) refers to mdr32f9qx_rst_clk.o(i.RST_CLK_GetFlagStatus) for RST_CLK_GetFlagStatus
    mdr32f9qx_rst_clk.o(i.RST_CLK_WarmDeInit) refers to mdr32f9qx_rst_clk.o(i.RST_CLK_HSIcmd) for RST_CLK_HSIcmd
    mdr32f9qx_rst_clk.o(i.RST_CLK_WarmDeInit) refers to mdr32f9qx_rst_clk.o(i.RST_CLK_HSIstatus) for RST_CLK_HSIstatus
    mdr32f9qx_rst_clk.o(i.RST_CLK_WarmDeInit) refers to mdr32f9qx_rst_clk.o(i.RST_CLK_CPUclkSelection) for RST_CLK_CPUclkSelection
    __2sprintf.o(.text) refers to _printf_char_common.o(.text) for _printf_char_common
    __2sprintf.o(.text) refers to _sputc.o(.text) for _sputc
    noretval__2sprintf.o(.text) refers to _printf_char_common.o(.text) for _printf_char_common
    noretval__2sprintf.o(.text) refers to _sputc.o(.text) for _sputc
    __printf.o(.text) refers to _printf_percent.o(.ARM.Collect$$_printf_percent$$00000000) for _printf_percent
    _printf_dec.o(.text) refers to _printf_intcommon.o(.text) for _printf_int_common
    __printf_flags.o(.text) refers to _printf_percent.o(.ARM.Collect$$_printf_percent$$00000000) for _printf_percent
    __printf_flags.o(.text) refers to __printf_flags.o(.constdata) for .constdata
    __printf_ss.o(.text) refers to _printf_percent.o(.ARM.Collect$$_printf_percent$$00000000) for _printf_percent
    __printf_flags_ss.o(.text) refers to _printf_percent.o(.ARM.Collect$$_printf_percent$$00000000) for _printf_percent
    __printf_flags_ss.o(.text) refers to __printf_flags_ss.o(.constdata) for .constdata
    __printf_wp.o(.text) refers to __printf_wp.o(i._is_digit) for _is_digit
    __printf_wp.o(.text) refers to _printf_percent.o(.ARM.Collect$$_printf_percent$$00000000) for _printf_percent
    __printf_flags_wp.o(.text) refers to __printf_wp.o(i._is_digit) for _is_digit
    __printf_flags_wp.o(.text) refers to _printf_percent.o(.ARM.Collect$$_printf_percent$$00000000) for _printf_percent
    __printf_flags_wp.o(.text) refers to __printf_flags_wp.o(.constdata) for .constdata
    __printf_ss_wp.o(.text) refers to __printf_wp.o(i._is_digit) for _is_digit
    __printf_ss_wp.o(.text) refers to _printf_percent.o(.ARM.Collect$$_printf_percent$$00000000) for _printf_percent
    __printf_flags_ss_wp.o(.text) refers to __printf_wp.o(i._is_digit) for _is_digit
    __printf_flags_ss_wp.o(.text) refers to _printf_percent.o(.ARM.Collect$$_printf_percent$$00000000) for _printf_percent
    __printf_flags_ss_wp.o(.text) refers to __printf_flags_ss_wp.o(.constdata) for .constdata
    _printf_d.o(.ARM.Collect$$_printf_percent$$00000009) refers (Weak) to _printf_dec.o(.text) for _printf_int_dec
    _printf_f.o(.ARM.Collect$$_printf_percent$$00000003) refers (Weak) to printf1.o(x$fpl$printf1) for _printf_fp_dec
    _printf_percent.o(.ARM.Collect$$_printf_percent$$00000000) refers (Special) to _printf_percent_end.o(.ARM.Collect$$_printf_percent$$00000017) for _printf_percent_end
    __main.o(!!!main) refers to __rtentry.o(.ARM.Collect$$rtentry$$00000000) for __rt_entry
    f2d.o(x$fpl$f2d) refers (Special) to usenofp.o(x$fpl$usenofp) for __I$use$fp
    f2d.o(x$fpl$f2d) refers to fnaninf.o(x$fpl$fnaninf) for __fpl_fnaninf
    f2d.o(x$fpl$f2d) refers to dretinf.o(x$fpl$dretinf) for __fpl_dretinf
    printf1.o(x$fpl$printf1) refers to _printf_fp_dec.o(.text) for _printf_fp_dec_real
    __rtentry.o(.ARM.Collect$$rtentry$$00000000) refers (Special) to __rtentry2.o(.ARM.Collect$$rtentry$$0000000A) for __rt_entry_li
    __rtentry.o(.ARM.Collect$$rtentry$$00000000) refers (Special) to __rtentry2.o(.ARM.Collect$$rtentry$$0000000D) for __rt_entry_main
    __rtentry.o(.ARM.Collect$$rtentry$$00000000) refers (Special) to __rtentry2.o(.ARM.Collect$$rtentry$$0000000C) for __rt_entry_postli_1
    __rtentry.o(.ARM.Collect$$rtentry$$00000000) refers (Special) to __rtentry2.o(.ARM.Collect$$rtentry$$00000009) for __rt_entry_postsh_1
    __rtentry.o(.ARM.Collect$$rtentry$$00000000) refers (Special) to __rtentry2.o(.ARM.Collect$$rtentry$$00000002) for __rt_entry_presh_1
    __rtentry.o(.ARM.Collect$$rtentry$$00000000) refers (Special) to __rtentry4.o(.ARM.Collect$$rtentry$$00000004) for __rt_entry_sh
    _printf_fp_dec.o(.text) refers (Special) to usenofp.o(x$fpl$usenofp) for __I$use$fp
    _printf_fp_dec.o(.text) refers (Special) to lc_numeric_c.o(locale$$code) for _get_lc_numeric
    _printf_fp_dec.o(.text) refers to bigflt0.o(.text) for _btod_etento
    _printf_fp_dec.o(.text) refers to btod.o(CL$$btod_d2e) for _btod_d2e
    _printf_fp_dec.o(.text) refers to btod.o(CL$$btod_ediv) for _btod_ediv
    _printf_fp_dec.o(.text) refers to btod.o(CL$$btod_emul) for _btod_emul
    _printf_fp_dec.o(.text) refers to lludiv10.o(.text) for _ll_udiv10
    _printf_fp_dec.o(.text) refers to fpclassify.o(i.__ARM_fpclassify) for __ARM_fpclassify
    _printf_fp_dec.o(.text) refers to _printf_fp_infnan.o(.text) for _printf_fp_infnan
    _printf_fp_dec.o(.text) refers to rt_locale_intlibspace.o(.text) for __rt_locale
    _printf_char_common.o(.text) refers to __printf.o(.text) for __printf
    dretinf.o(x$fpl$dretinf) refers (Special) to usenofp.o(x$fpl$usenofp) for __I$use$fp
    fnaninf.o(x$fpl$fnaninf) refers (Special) to usenofp.o(x$fpl$usenofp) for __I$use$fp
    __rtentry2.o(.ARM.Collect$$rtentry$$00000008) refers to boardinit2.o(.text) for _platform_post_stackheap_init
    __rtentry2.o(.ARM.Collect$$rtentry$$0000000A) refers to libinit.o(.ARM.Collect$$libinit$$00000000) for __rt_lib_init
    __rtentry2.o(.ARM.Collect$$rtentry$$0000000B) refers to boardinit3.o(.text) for _platform_post_lib_init
    __rtentry2.o(.ARM.Collect$$rtentry$$0000000D) refers to main.o(i.main) for main
    __rtentry2.o(.ARM.Collect$$rtentry$$0000000D) refers to exit.o(.text) for exit
    __rtentry2.o(.ARM.exidx) refers to __rtentry2.o(.ARM.Collect$$rtentry$$00000001) for .ARM.Collect$$rtentry$$00000001
    __rtentry2.o(.ARM.exidx) refers to __rtentry2.o(.ARM.Collect$$rtentry$$00000008) for .ARM.Collect$$rtentry$$00000008
    __rtentry2.o(.ARM.exidx) refers to __rtentry2.o(.ARM.Collect$$rtentry$$0000000A) for .ARM.Collect$$rtentry$$0000000A
    __rtentry2.o(.ARM.exidx) refers to __rtentry2.o(.ARM.Collect$$rtentry$$0000000B) for .ARM.Collect$$rtentry$$0000000B
    __rtentry2.o(.ARM.exidx) refers to __rtentry2.o(.ARM.Collect$$rtentry$$0000000D) for .ARM.Collect$$rtentry$$0000000D
    __rtentry4.o(.ARM.Collect$$rtentry$$00000004) refers to sys_stackheap_outer.o(.text) for __user_setup_stackheap
    __rtentry4.o(.ARM.exidx) refers to __rtentry4.o(.ARM.Collect$$rtentry$$00000004) for .ARM.Collect$$rtentry$$00000004
    rt_locale.o(.text) refers to rt_locale.o(.bss) for __rt_locale_data
    rt_locale_intlibspace.o(.text) refers to libspace.o(.bss) for __libspace_start
    bigflt0.o(.text) refers (Special) to usenofp.o(x$fpl$usenofp) for __I$use$fp
    bigflt0.o(.text) refers to btod.o(CL$$btod_emul) for _btod_emul
    bigflt0.o(.text) refers to btod.o(CL$$btod_ediv) for _btod_ediv
    bigflt0.o(.text) refers to bigflt0.o(.constdata) for .constdata
    bigflt0.o(.constdata) refers (Special) to usenofp.o(x$fpl$usenofp) for __I$use$fp
    btod.o(CL$$btod_d2e) refers (Special) to usenofp.o(x$fpl$usenofp) for __I$use$fp
    btod.o(CL$$btod_d2e) refers to btod.o(CL$$btod_d2e_norm_op1) for _d2e_norm_op1
    btod.o(CL$$btod_d2e_norm_op1) refers (Special) to usenofp.o(x$fpl$usenofp) for __I$use$fp
    btod.o(CL$$btod_d2e_norm_op1) refers to btod.o(CL$$btod_d2e_denorm_low) for _d2e_denorm_low
    btod.o(CL$$btod_d2e_denorm_low) refers (Special) to usenofp.o(x$fpl$usenofp) for __I$use$fp
    btod.o(CL$$btod_emul) refers (Special) to usenofp.o(x$fpl$usenofp) for __I$use$fp
    btod.o(CL$$btod_emul) refers to btod.o(CL$$btod_mult_common) for __btod_mult_common
    btod.o(CL$$btod_emul) refers to btod.o(CL$$btod_e2e) for _e2e
    btod.o(CL$$btod_ediv) refers (Special) to usenofp.o(x$fpl$usenofp) for __I$use$fp
    btod.o(CL$$btod_ediv) refers to btod.o(CL$$btod_div_common) for __btod_div_common
    btod.o(CL$$btod_ediv) refers to btod.o(CL$$btod_e2e) for _e2e
    btod.o(CL$$btod_emuld) refers (Special) to usenofp.o(x$fpl$usenofp) for __I$use$fp
    btod.o(CL$$btod_emuld) refers to btod.o(CL$$btod_mult_common) for __btod_mult_common
    btod.o(CL$$btod_emuld) refers to btod.o(CL$$btod_e2d) for _e2d
    btod.o(CL$$btod_edivd) refers (Special) to usenofp.o(x$fpl$usenofp) for __I$use$fp
    btod.o(CL$$btod_edivd) refers to btod.o(CL$$btod_div_common) for __btod_div_common
    btod.o(CL$$btod_edivd) refers to btod.o(CL$$btod_e2d) for _e2d
    btod.o(CL$$btod_e2e) refers (Special) to usenofp.o(x$fpl$usenofp) for __I$use$fp
    btod.o(CL$$btod_e2d) refers (Special) to usenofp.o(x$fpl$usenofp) for __I$use$fp
    btod.o(CL$$btod_e2d) refers to btod.o(CL$$btod_e2e) for _e2e
    btod.o(CL$$btod_mult_common) refers (Special) to usenofp.o(x$fpl$usenofp) for __I$use$fp
    btod.o(CL$$btod_div_common) refers (Special) to usenofp.o(x$fpl$usenofp) for __I$use$fp
    lc_numeric_c.o(locale$$data) refers (Special) to libinit2.o(.ARM.Collect$$libinit$$00000016) for __rt_lib_init_lc_numeric_2
    lc_numeric_c.o(locale$$code) refers (Special) to libinit2.o(.ARM.Collect$$libinit$$00000016) for __rt_lib_init_lc_numeric_2
    lc_numeric_c.o(locale$$code) refers to strcmpv7m.o(.text) for strcmp
    lc_numeric_c.o(locale$$code) refers to lc_numeric_c.o(locale$$data) for __lcnum_c_name
    istatus.o(x$fpl$ieeestatus) refers (Special) to usenofp.o(x$fpl$usenofp) for __I$use$fp
    fpclassify.o(i.__ARM_fpclassify) refers (Special) to usenofp.o(x$fpl$usenofp) for __I$use$fp
    libspace.o(.text) refers to libspace.o(.bss) for __libspace_start
    sys_stackheap_outer.o(.text) refers to libspace.o(.text) for __user_perproc_libspace
    sys_stackheap_outer.o(.text) refers to startup_mdr32f9qx.o(.text) for __user_initial_stackheap
    exit.o(.text) refers to rtexit.o(.ARM.Collect$$rtexit$$00000000) for __rt_exit
    libinit.o(.ARM.Collect$$libinit$$00000000) refers (Special) to libinit2.o(.ARM.Collect$$libinit$$0000002E) for __rt_lib_init_alloca_1
    libinit.o(.ARM.Collect$$libinit$$00000000) refers (Special) to libinit2.o(.ARM.Collect$$libinit$$0000002C) for __rt_lib_init_argv_1
    libinit.o(.ARM.Collect$$libinit$$00000000) refers (Special) to libinit2.o(.ARM.Collect$$libinit$$0000001B) for __rt_lib_init_atexit_1
    libinit.o(.ARM.Collect$$libinit$$00000000) refers (Special) to libinit2.o(.ARM.Collect$$libinit$$00000021) for __rt_lib_init_clock_1
    libinit.o(.ARM.Collect$$libinit$$00000000) refers (Special) to libinit2.o(.ARM.Collect$$libinit$$00000032) for __rt_lib_init_cpp_1
    libinit.o(.ARM.Collect$$libinit$$00000000) refers (Special) to libinit2.o(.ARM.Collect$$libinit$$00000030) for __rt_lib_init_exceptions_1
    libinit.o(.ARM.Collect$$libinit$$00000000) refers (Special) to libinit2.o(.ARM.Collect$$libinit$$00000002) for __rt_lib_init_fp_1
    libinit.o(.ARM.Collect$$libinit$$00000000) refers (Special) to libinit2.o(.ARM.Collect$$libinit$$0000001F) for __rt_lib_init_fp_trap_1
    libinit.o(.ARM.Collect$$libinit$$00000000) refers (Special) to libinit2.o(.ARM.Collect$$libinit$$00000023) for __rt_lib_init_getenv_1
    libinit.o(.ARM.Collect$$libinit$$00000000) refers (Special) to libinit2.o(.ARM.Collect$$libinit$$0000000A) for __rt_lib_init_heap_1
    libinit.o(.ARM.Collect$$libinit$$00000000) refers (Special) to libinit2.o(.ARM.Collect$$libinit$$00000011) for __rt_lib_init_lc_collate_1
    libinit.o(.ARM.Collect$$libinit$$00000000) refers (Special) to libinit2.o(.ARM.Collect$$libinit$$00000013) for __rt_lib_init_lc_ctype_1
    libinit.o(.ARM.Collect$$libinit$$00000000) refers (Special) to libinit2.o(.ARM.Collect$$libinit$$00000015) for __rt_lib_init_lc_monetary_1
    libinit.o(.ARM.Collect$$libinit$$00000000) refers (Special) to libinit2.o(.ARM.Collect$$libinit$$00000017) for __rt_lib_init_lc_numeric_1
    libinit.o(.ARM.Collect$$libinit$$00000000) refers (Special) to libinit2.o(.ARM.Collect$$libinit$$00000019) for __rt_lib_init_lc_time_1
    libinit.o(.ARM.Collect$$libinit$$00000000) refers (Special) to libinit2.o(.ARM.Collect$$libinit$$00000004) for __rt_lib_init_preinit_1
    libinit.o(.ARM.Collect$$libinit$$00000000) refers (Special) to libinit2.o(.ARM.Collect$$libinit$$0000000E) for __rt_lib_init_rand_1
    libinit.o(.ARM.Collect$$libinit$$00000000) refers (Special) to libinit2.o(.ARM.Collect$$libinit$$00000033) for __rt_lib_init_return
    libinit.o(.ARM.Collect$$libinit$$00000000) refers (Special) to libinit2.o(.ARM.Collect$$libinit$$0000001D) for __rt_lib_init_signal_1
    libinit.o(.ARM.Collect$$libinit$$00000000) refers (Special) to libinit2.o(.ARM.Collect$$libinit$$00000025) for __rt_lib_init_stdio_1
    libinit.o(.ARM.Collect$$libinit$$00000000) refers (Special) to libinit2.o(.ARM.Collect$$libinit$$0000000C) for __rt_lib_init_user_alloc_1
    libinit2.o(.ARM.Collect$$libinit$$0000000F) refers (Weak) to rt_locale_intlibspace.o(.text) for __rt_locale
    libinit2.o(.ARM.Collect$$libinit$$00000010) refers to libinit2.o(.ARM.Collect$$libinit$$0000000F) for .ARM.Collect$$libinit$$0000000F
    libinit2.o(.ARM.Collect$$libinit$$00000012) refers to libinit2.o(.ARM.Collect$$libinit$$0000000F) for .ARM.Collect$$libinit$$0000000F
    libinit2.o(.ARM.Collect$$libinit$$00000014) refers to libinit2.o(.ARM.Collect$$libinit$$0000000F) for .ARM.Collect$$libinit$$0000000F
    libinit2.o(.ARM.Collect$$libinit$$00000016) refers to libinit2.o(.ARM.Collect$$libinit$$0000000F) for .ARM.Collect$$libinit$$0000000F
    libinit2.o(.ARM.Collect$$libinit$$00000016) refers (Weak) to lc_numeric_c.o(locale$$code) for _get_lc_numeric
    libinit2.o(.ARM.Collect$$libinit$$00000018) refers to libinit2.o(.ARM.Collect$$libinit$$0000000F) for .ARM.Collect$$libinit$$0000000F
    libinit2.o(.ARM.Collect$$libinit$$00000026) refers to argv_veneer.o(.emb_text) for __ARM_argv_veneer
    libinit2.o(.ARM.Collect$$libinit$$00000027) refers to argv_veneer.o(.emb_text) for __ARM_argv_veneer
    rtexit.o(.ARM.Collect$$rtexit$$00000000) refers (Special) to rtexit2.o(.ARM.Collect$$rtexit$$00000004) for __rt_exit_exit
    rtexit.o(.ARM.Collect$$rtexit$$00000000) refers (Special) to rtexit2.o(.ARM.Collect$$rtexit$$00000003) for __rt_exit_ls
    rtexit.o(.ARM.Collect$$rtexit$$00000000) refers (Special) to rtexit2.o(.ARM.Collect$$rtexit$$00000002) for __rt_exit_prels_1
    rtexit.o(.ARM.exidx) refers (Special) to rtexit2.o(.ARM.Collect$$rtexit$$00000004) for __rt_exit_exit
    rtexit.o(.ARM.exidx) refers (Special) to rtexit2.o(.ARM.Collect$$rtexit$$00000003) for __rt_exit_ls
    rtexit.o(.ARM.exidx) refers (Special) to rtexit2.o(.ARM.Collect$$rtexit$$00000002) for __rt_exit_prels_1
    rtexit.o(.ARM.exidx) refers to rtexit.o(.ARM.Collect$$rtexit$$00000000) for .ARM.Collect$$rtexit$$00000000
    argv_veneer.o(.emb_text) refers to no_argv.o(.text) for __ARM_get_argv
    rtexit2.o(.ARM.Collect$$rtexit$$00000003) refers to libshutdown.o(.ARM.Collect$$libshutdown$$00000000) for __rt_lib_shutdown
    rtexit2.o(.ARM.Collect$$rtexit$$00000004) refers to sys_exit.o(.text) for _sys_exit
    rtexit2.o(.ARM.exidx) refers to rtexit2.o(.ARM.Collect$$rtexit$$00000001) for .ARM.Collect$$rtexit$$00000001
    rtexit2.o(.ARM.exidx) refers to rtexit2.o(.ARM.Collect$$rtexit$$00000003) for .ARM.Collect$$rtexit$$00000003
    rtexit2.o(.ARM.exidx) refers to rtexit2.o(.ARM.Collect$$rtexit$$00000004) for .ARM.Collect$$rtexit$$00000004
    _get_argv_nomalloc.o(.text) refers (Special) to hrguard.o(.text) for __heap_region$guard
    _get_argv_nomalloc.o(.text) refers to defsig_rtmem_outer.o(.text) for __rt_SIGRTMEM
    _get_argv_nomalloc.o(.text) refers to sys_command.o(.text) for _sys_command_string
    sys_command.o(.text) refers (Special) to use_no_semi.o(.text) for __I$use$semihosting
    sys_command.o(.text) refers (Special) to indicate_semi.o(.text) for __semihosting_library_function
    sys_exit.o(.text) refers (Special) to use_no_semi.o(.text) for __I$use$semihosting
    sys_exit.o(.text) refers (Special) to indicate_semi.o(.text) for __semihosting_library_function
    defsig_rtmem_outer.o(.text) refers to defsig_rtmem_inner.o(.text) for __rt_SIGRTMEM_inner
    defsig_rtmem_outer.o(.text) refers to defsig_exit.o(.text) for __sig_exit
    defsig_rtmem_formal.o(.text) refers to rt_raise.o(.text) for __rt_raise
    libshutdown.o(.ARM.Collect$$libshutdown$$00000000) refers (Special) to libshutdown2.o(.ARM.Collect$$libshutdown$$00000002) for __rt_lib_shutdown_cpp_1
    libshutdown.o(.ARM.Collect$$libshutdown$$00000000) refers (Special) to libshutdown2.o(.ARM.Collect$$libshutdown$$00000007) for __rt_lib_shutdown_fp_trap_1
    libshutdown.o(.ARM.Collect$$libshutdown$$00000000) refers (Special) to libshutdown2.o(.ARM.Collect$$libshutdown$$0000000F) for __rt_lib_shutdown_heap_1
    libshutdown.o(.ARM.Collect$$libshutdown$$00000000) refers (Special) to libshutdown2.o(.ARM.Collect$$libshutdown$$00000010) for __rt_lib_shutdown_return
    libshutdown.o(.ARM.Collect$$libshutdown$$00000000) refers (Special) to libshutdown2.o(.ARM.Collect$$libshutdown$$0000000A) for __rt_lib_shutdown_signal_1
    libshutdown.o(.ARM.Collect$$libshutdown$$00000000) refers (Special) to libshutdown2.o(.ARM.Collect$$libshutdown$$00000004) for __rt_lib_shutdown_stdio_1
    libshutdown.o(.ARM.Collect$$libshutdown$$00000000) refers (Special) to libshutdown2.o(.ARM.Collect$$libshutdown$$0000000C) for __rt_lib_shutdown_user_alloc_1
    rt_raise.o(.text) refers to __raise.o(.text) for __raise
    rt_raise.o(.text) refers to sys_exit.o(.text) for _sys_exit
    defsig_exit.o(.text) refers to sys_exit.o(.text) for _sys_exit
    defsig_rtmem_inner.o(.text) refers to defsig_general.o(.text) for __default_signal_display
    __raise.o(.text) refers to defsig.o(CL$$defsig) for __default_signal_handler
    defsig_general.o(.text) refers to sys_wrch.o(.text) for _ttywrch
    sys_wrch.o(.text) refers (Special) to use_no_semi.o(.text) for __I$use$semihosting
    sys_wrch.o(.text) refers (Special) to indicate_semi.o(.text) for __semihosting_library_function
    defsig.o(CL$$defsig) refers to defsig_rtmem_inner.o(.text) for __rt_SIGRTMEM_inner
    defsig_abrt_inner.o(.text) refers to defsig_general.o(.text) for __default_signal_display
    defsig_fpe_inner.o(.text) refers to defsig_general.o(.text) for __default_signal_display
    defsig_rtred_inner.o(.text) refers to defsig_general.o(.text) for __default_signal_display
    defsig_stak_inner.o(.text) refers to defsig_general.o(.text) for __default_signal_display
    defsig_pvfn_inner.o(.text) refers to defsig_general.o(.text) for __default_signal_display
    defsig_cppl_inner.o(.text) refers to defsig_general.o(.text) for __default_signal_display
    defsig_segv_inner.o(.text) refers to defsig_general.o(.text) for __default_signal_display
    defsig_other.o(.text) refers to defsig_general.o(.text) for __default_signal_display


==============================================================================

Removing Unused input sections from the image.

    Removing main.o(.rev16_text), (4 bytes).
    Removing main.o(.revsh_text), (4 bytes).
    Removing main.o(.rrx_text), (6 bytes).
    Removing hw_config.o(.rev16_text), (4 bytes).
    Removing hw_config.o(.revsh_text), (4 bytes).
    Removing hw_config.o(.rrx_text), (6 bytes).
    Removing hw_config.o(i.initTimer1CaptureModeWithETR), (88 bytes).
    Removing melt_mt_10t7.o(.rev16_text), (4 bytes).
    Removing melt_mt_10t7.o(.revsh_text), (4 bytes).
    Removing melt_mt_10t7.o(.rrx_text), (6 bytes).
    Removing melt_mt_10t7.o(i.writeNumberFloat), (128 bytes).
    Removing system_mdr32f9qx.o(.rev16_text), (4 bytes).
    Removing system_mdr32f9qx.o(.revsh_text), (4 bytes).
    Removing system_mdr32f9qx.o(.rrx_text), (6 bytes).
    Removing mdr32f9qx_port.o(.rev16_text), (4 bytes).
    Removing mdr32f9qx_port.o(.revsh_text), (4 bytes).
    Removing mdr32f9qx_port.o(.rrx_text), (6 bytes).
    Removing mdr32f9qx_port.o(i.PORT_DeInit), (20 bytes).
    Removing mdr32f9qx_port.o(i.PORT_ReadInputData), (6 bytes).
    Removing mdr32f9qx_port.o(i.PORT_ReadInputDataBit), (16 bytes).
    Removing mdr32f9qx_port.o(i.PORT_StructInit), (28 bytes).
    Removing mdr32f9qx_port.o(i.PORT_Write), (24 bytes).
    Removing mdr32f9qx_rst_clk.o(.rev16_text), (4 bytes).
    Removing mdr32f9qx_rst_clk.o(.revsh_text), (4 bytes).
    Removing mdr32f9qx_rst_clk.o(.rrx_text), (6 bytes).
    Removing mdr32f9qx_rst_clk.o(i.RST_CLK_ADCclkEnable), (12 bytes).
    Removing mdr32f9qx_rst_clk.o(i.RST_CLK_ADCclkPrescaler), (24 bytes).
    Removing mdr32f9qx_rst_clk.o(i.RST_CLK_ADCclkSelection), (20 bytes).
    Removing mdr32f9qx_rst_clk.o(i.RST_CLK_CPU_PLLcmd), (12 bytes).
    Removing mdr32f9qx_rst_clk.o(i.RST_CLK_CPU_PLLconfig), (64 bytes).
    Removing mdr32f9qx_rst_clk.o(i.RST_CLK_CPU_PLLstatus), (52 bytes).
    Removing mdr32f9qx_rst_clk.o(i.RST_CLK_CPU_PLLuse), (12 bytes).
    Removing mdr32f9qx_rst_clk.o(i.RST_CLK_CPUclkPrescaler), (24 bytes).
    Removing mdr32f9qx_rst_clk.o(i.RST_CLK_CPUclkSelection), (20 bytes).
    Removing mdr32f9qx_rst_clk.o(i.RST_CLK_DeInit), (44 bytes).
    Removing mdr32f9qx_rst_clk.o(i.RST_CLK_GetClocksFreq), (628 bytes).
    Removing mdr32f9qx_rst_clk.o(i.RST_CLK_GetFlagStatus), (52 bytes).
    Removing mdr32f9qx_rst_clk.o(i.RST_CLK_HSEclkPrescaler), (20 bytes).
    Removing mdr32f9qx_rst_clk.o(i.RST_CLK_HSEconfig), (60 bytes).
    Removing mdr32f9qx_rst_clk.o(i.RST_CLK_HSEstatus), (52 bytes).
    Removing mdr32f9qx_rst_clk.o(i.RST_CLK_HSIadjust), (24 bytes).
    Removing mdr32f9qx_rst_clk.o(i.RST_CLK_HSIclkPrescaler), (24 bytes).
    Removing mdr32f9qx_rst_clk.o(i.RST_CLK_HSIcmd), (12 bytes).
    Removing mdr32f9qx_rst_clk.o(i.RST_CLK_HSIstatus), (52 bytes).
    Removing mdr32f9qx_rst_clk.o(i.RST_CLK_LSEconfig), (60 bytes).
    Removing mdr32f9qx_rst_clk.o(i.RST_CLK_LSEstatus), (52 bytes).
    Removing mdr32f9qx_rst_clk.o(i.RST_CLK_LSIadjust), (24 bytes).
    Removing mdr32f9qx_rst_clk.o(i.RST_CLK_LSIcmd), (12 bytes).
    Removing mdr32f9qx_rst_clk.o(i.RST_CLK_LSIstatus), (52 bytes).
    Removing mdr32f9qx_rst_clk.o(i.RST_CLK_RTC_HSEclkEnable), (12 bytes).
    Removing mdr32f9qx_rst_clk.o(i.RST_CLK_RTC_HSIclkEnable), (12 bytes).
    Removing mdr32f9qx_rst_clk.o(i.RST_CLK_USB_PLLcmd), (12 bytes).
    Removing mdr32f9qx_rst_clk.o(i.RST_CLK_USB_PLLconfig), (64 bytes).
    Removing mdr32f9qx_rst_clk.o(i.RST_CLK_USB_PLLstatus), (52 bytes).
    Removing mdr32f9qx_rst_clk.o(i.RST_CLK_USB_PLLuse), (12 bytes).
    Removing mdr32f9qx_rst_clk.o(i.RST_CLK_USBclkEnable), (12 bytes).
    Removing mdr32f9qx_rst_clk.o(i.RST_CLK_USBclkPrescaler), (12 bytes).
    Removing mdr32f9qx_rst_clk.o(i.RST_CLK_WarmDeInit), (84 bytes).
    Removing mdr32f9qx_timer.o(.rev16_text), (4 bytes).
    Removing mdr32f9qx_timer.o(.revsh_text), (4 bytes).
    Removing mdr32f9qx_timer.o(.rrx_text), (6 bytes).
    Removing mdr32f9qx_timer.o(i.TIMER_BRGInit), (84 bytes).
    Removing mdr32f9qx_timer.o(i.TIMER_BRKPolarityConfig), (14 bytes).
    Removing mdr32f9qx_timer.o(i.TIMER_ChnBRKResetConfig), (24 bytes).
    Removing mdr32f9qx_timer.o(i.TIMER_ChnCCR1_Cmd), (30 bytes).
    Removing mdr32f9qx_timer.o(i.TIMER_ChnCCR1_EventSourceConfig), (24 bytes).
    Removing mdr32f9qx_timer.o(i.TIMER_ChnCapturePrescalerConfig), (26 bytes).
    Removing mdr32f9qx_timer.o(i.TIMER_ChnCompare1Config), (32 bytes).
    Removing mdr32f9qx_timer.o(i.TIMER_ChnCompareConfig), (32 bytes).
    Removing mdr32f9qx_timer.o(i.TIMER_ChnETRResetConfig), (24 bytes).
    Removing mdr32f9qx_timer.o(i.TIMER_ChnETR_Cmd), (30 bytes).
    Removing mdr32f9qx_timer.o(i.TIMER_ChnEventSourceConfig), (24 bytes).
    Removing mdr32f9qx_timer.o(i.TIMER_ChnFilterConfig), (24 bytes).
    Removing mdr32f9qx_timer.o(i.TIMER_ChnInit), (70 bytes).
    Removing mdr32f9qx_timer.o(i.TIMER_ChnNOutConfig), (36 bytes).
    Removing mdr32f9qx_timer.o(i.TIMER_ChnNOutModeConfig), (26 bytes).
    Removing mdr32f9qx_timer.o(i.TIMER_ChnNOutPolarityConfig), (26 bytes).
    Removing mdr32f9qx_timer.o(i.TIMER_ChnNOutSourceConfig), (26 bytes).
    Removing mdr32f9qx_timer.o(i.TIMER_ChnOutConfig), (34 bytes).
    Removing mdr32f9qx_timer.o(i.TIMER_ChnOutDTGConfig), (20 bytes).
    Removing mdr32f9qx_timer.o(i.TIMER_ChnOutInit), (66 bytes).
    Removing mdr32f9qx_timer.o(i.TIMER_ChnOutModeConfig), (24 bytes).
    Removing mdr32f9qx_timer.o(i.TIMER_ChnOutPolarityConfig), (26 bytes).
    Removing mdr32f9qx_timer.o(i.TIMER_ChnOutSourceConfig), (26 bytes).
    Removing mdr32f9qx_timer.o(i.TIMER_ChnOutStructInit), (22 bytes).
    Removing mdr32f9qx_timer.o(i.TIMER_ChnREFFormatConfig), (24 bytes).
    Removing mdr32f9qx_timer.o(i.TIMER_ChnStructInit), (28 bytes).
    Removing mdr32f9qx_timer.o(i.TIMER_ClearFlag), (6 bytes).
    Removing mdr32f9qx_timer.o(i.TIMER_Cmd), (20 bytes).
    Removing mdr32f9qx_timer.o(i.TIMER_CntAutoreloadConfig), (18 bytes).
    Removing mdr32f9qx_timer.o(i.TIMER_CntEventSourceConfig), (14 bytes).
    Removing mdr32f9qx_timer.o(i.TIMER_CntInit), (54 bytes).
    Removing mdr32f9qx_timer.o(i.TIMER_CntStructInit), (28 bytes).
    Removing mdr32f9qx_timer.o(i.TIMER_CounterModeConfig), (14 bytes).
    Removing mdr32f9qx_timer.o(i.TIMER_DMACmd), (18 bytes).
    Removing mdr32f9qx_timer.o(i.TIMER_DeInit), (68 bytes).
    Removing mdr32f9qx_timer.o(i.TIMER_ETRFilterConfig), (16 bytes).
    Removing mdr32f9qx_timer.o(i.TIMER_ETRInputConfig), (22 bytes).
    Removing mdr32f9qx_timer.o(i.TIMER_ETRPolarityConfig), (14 bytes).
    Removing mdr32f9qx_timer.o(i.TIMER_ETRPrescalerConfig), (14 bytes).
    Removing mdr32f9qx_timer.o(i.TIMER_FilterSamplingConfig), (14 bytes).
    Removing mdr32f9qx_timer.o(i.TIMER_GetChnCapture), (18 bytes).
    Removing mdr32f9qx_timer.o(i.TIMER_GetChnCapture1), (18 bytes).
    Removing mdr32f9qx_timer.o(i.TIMER_GetChnWriteComplete), (28 bytes).
    Removing mdr32f9qx_timer.o(i.TIMER_GetCntWriteComplete), (18 bytes).
    Removing mdr32f9qx_timer.o(i.TIMER_GetCounterDirection), (18 bytes).
    Removing mdr32f9qx_timer.o(i.TIMER_GetFlagStatus), (16 bytes).
    Removing mdr32f9qx_timer.o(i.TIMER_GetITStatus), (24 bytes).
    Removing mdr32f9qx_timer.o(i.TIMER_GetStatus), (6 bytes).
    Removing mdr32f9qx_timer.o(i.TIMER_ITConfig), (18 bytes).
    Removing mdr32f9qx_timer.o(i.TIMER_SetChnCompare), (14 bytes).
    Removing mdr32f9qx_timer.o(i.TIMER_SetChnCompare1), (14 bytes).
    Removing mdr32f9qx_timer.o(i.TIMER_SetCntAutoreload), (4 bytes).
    Removing mdr32f9qx_timer.o(i.TIMER_SetCntPrescaler), (4 bytes).
    Removing mdr32f9qx_timer.o(i.TIMER_SetCounter), (4 bytes).
    Removing mdr32f9qx_timer.o(i.TIMER_SetCounterDirection), (14 bytes).

116 unused section(s) (total 3448 bytes) removed from the image.

==============================================================================

Image Symbol Table

    Local Symbols

    Symbol Name                              Value     Ov Type        Size  Object(Section)

    ../clib/angel/boardlib.s                 0x00000000   Number         0  boardinit1.o ABSOLUTE
    ../clib/angel/boardlib.s                 0x00000000   Number         0  boardinit2.o ABSOLUTE
    ../clib/angel/boardlib.s                 0x00000000   Number         0  boardinit3.o ABSOLUTE
    ../clib/angel/boardlib.s                 0x00000000   Number         0  boardshut.o ABSOLUTE
    ../clib/angel/handlers.s                 0x00000000   Number         0  __scatter_copy.o ABSOLUTE
    ../clib/angel/handlers.s                 0x00000000   Number         0  __scatter_zi.o ABSOLUTE
    ../clib/angel/kernel.s                   0x00000000   Number         0  __rtentry2.o ABSOLUTE
    ../clib/angel/kernel.s                   0x00000000   Number         0  rtexit.o ABSOLUTE
    ../clib/angel/kernel.s                   0x00000000   Number         0  __rtentry4.o ABSOLUTE
    ../clib/angel/kernel.s                   0x00000000   Number         0  __rtentry.o ABSOLUTE
    ../clib/angel/kernel.s                   0x00000000   Number         0  rtexit2.o ABSOLUTE
    ../clib/angel/rt.s                       0x00000000   Number         0  rt_locale_intlibspace.o ABSOLUTE
    ../clib/angel/rt.s                       0x00000000   Number         0  rt_locale.o ABSOLUTE
    ../clib/angel/rt.s                       0x00000000   Number         0  rt_raise.o ABSOLUTE
    ../clib/angel/scatter.s                  0x00000000   Number         0  __scatter.o ABSOLUTE
    ../clib/angel/startup.s                  0x00000000   Number         0  __main.o ABSOLUTE
    ../clib/angel/sys.s                      0x00000000   Number         0  use_no_semi.o ABSOLUTE
    ../clib/angel/sys.s                      0x00000000   Number         0  indicate_semi.o ABSOLUTE
    ../clib/angel/sys.s                      0x00000000   Number         0  libspace.o ABSOLUTE
    ../clib/angel/sys.s                      0x00000000   Number         0  sys_stackheap_outer.o ABSOLUTE
    ../clib/angel/sysapp.c                   0x00000000   Number         0  sys_wrch.o ABSOLUTE
    ../clib/angel/sysapp.c                   0x00000000   Number         0  sys_exit.o ABSOLUTE
    ../clib/angel/sysapp.c                   0x00000000   Number         0  sys_command.o ABSOLUTE
    ../clib/armsys.c                         0x00000000   Number         0  argv_veneer.o ABSOLUTE
    ../clib/armsys.c                         0x00000000   Number         0  argv_veneer.o ABSOLUTE
    ../clib/armsys.c                         0x00000000   Number         0  no_argv.o ABSOLUTE
    ../clib/armsys.c                         0x00000000   Number         0  _get_argv_nomalloc.o ABSOLUTE
    ../clib/bigflt.c                         0x00000000   Number         0  bigflt0.o ABSOLUTE
    ../clib/btod.s                           0x00000000   Number         0  btod.o ABSOLUTE
    ../clib/heapalloc.c                      0x00000000   Number         0  hrguard.o ABSOLUTE
    ../clib/heapaux.c                        0x00000000   Number         0  heapauxi.o ABSOLUTE
    ../clib/libinit.s                        0x00000000   Number         0  libinit2.o ABSOLUTE
    ../clib/libinit.s                        0x00000000   Number         0  libshutdown2.o ABSOLUTE
    ../clib/libinit.s                        0x00000000   Number         0  libinit.o ABSOLUTE
    ../clib/libinit.s                        0x00000000   Number         0  libshutdown.o ABSOLUTE
    ../clib/locale.s                         0x00000000   Number         0  lc_numeric_c.o ABSOLUTE
    ../clib/longlong.s                       0x00000000   Number         0  lludiv10.o ABSOLUTE
    ../clib/memcpset.s                       0x00000000   Number         0  strcmpv7m.o ABSOLUTE
    ../clib/misc.s                           0x00000000   Number         0  printf_stubs.o ABSOLUTE
    ../clib/printf.c                         0x00000000   Number         0  __printf.o ABSOLUTE
    ../clib/printf.c                         0x00000000   Number         0  __printf_flags_wp.o ABSOLUTE
    ../clib/printf.c                         0x00000000   Number         0  __printf_ss_wp.o ABSOLUTE
    ../clib/printf.c                         0x00000000   Number         0  __printf_flags_ss_wp.o ABSOLUTE
    ../clib/printf.c                         0x00000000   Number         0  _printf_intcommon.o ABSOLUTE
    ../clib/printf.c                         0x00000000   Number         0  _printf_fp_dec.o ABSOLUTE
    ../clib/printf.c                         0x00000000   Number         0  _printf_char_common.o ABSOLUTE
    ../clib/printf.c                         0x00000000   Number         0  _sputc.o ABSOLUTE
    ../clib/printf.c                         0x00000000   Number         0  __printf_nopercent.o ABSOLUTE
    ../clib/printf.c                         0x00000000   Number         0  _printf_fp_infnan.o ABSOLUTE
    ../clib/printf.c                         0x00000000   Number         0  __2sprintf.o ABSOLUTE
    ../clib/printf.c                         0x00000000   Number         0  noretval__2sprintf.o ABSOLUTE
    ../clib/printf.c                         0x00000000   Number         0  _printf_dec.o ABSOLUTE
    ../clib/printf.c                         0x00000000   Number         0  __printf_flags.o ABSOLUTE
    ../clib/printf.c                         0x00000000   Number         0  __printf_ss.o ABSOLUTE
    ../clib/printf.c                         0x00000000   Number         0  __printf_flags_ss.o ABSOLUTE
    ../clib/printf.c                         0x00000000   Number         0  __printf_wp.o ABSOLUTE
    ../clib/printf_percent.s                 0x00000000   Number         0  _printf_f.o ABSOLUTE
    ../clib/printf_percent.s                 0x00000000   Number         0  _printf_percent_end.o ABSOLUTE
    ../clib/printf_percent.s                 0x00000000   Number         0  _printf_percent.o ABSOLUTE
    ../clib/printf_percent.s                 0x00000000   Number         0  _printf_d.o ABSOLUTE
    ../clib/signal.c                         0x00000000   Number         0  defsig_segv_inner.o ABSOLUTE
    ../clib/signal.c                         0x00000000   Number         0  defsig_pvfn_inner.o ABSOLUTE
    ../clib/signal.c                         0x00000000   Number         0  defsig_stak_inner.o ABSOLUTE
    ../clib/signal.c                         0x00000000   Number         0  defsig_rtred_inner.o ABSOLUTE
    ../clib/signal.c                         0x00000000   Number         0  defsig_fpe_inner.o ABSOLUTE
    ../clib/signal.c                         0x00000000   Number         0  defsig_rtmem_formal.o ABSOLUTE
    ../clib/signal.c                         0x00000000   Number         0  defsig_abrt_inner.o ABSOLUTE
    ../clib/signal.c                         0x00000000   Number         0  defsig_general.o ABSOLUTE
    ../clib/signal.c                         0x00000000   Number         0  defsig_other.o ABSOLUTE
    ../clib/signal.c                         0x00000000   Number         0  defsig_cppl_inner.o ABSOLUTE
    ../clib/signal.c                         0x00000000   Number         0  __raise.o ABSOLUTE
    ../clib/signal.c                         0x00000000   Number         0  defsig_rtmem_inner.o ABSOLUTE
    ../clib/signal.c                         0x00000000   Number         0  defsig_exit.o ABSOLUTE
    ../clib/signal.c                         0x00000000   Number         0  defsig_rtmem_outer.o ABSOLUTE
    ../clib/signal.s                         0x00000000   Number         0  defsig.o ABSOLUTE
    ../clib/stdlib.c                         0x00000000   Number         0  exit.o ABSOLUTE
    ../fplib/dretinf.s                       0x00000000   Number         0  dretinf.o ABSOLUTE
    ../fplib/f2d.s                           0x00000000   Number         0  f2d.o ABSOLUTE
    ../fplib/fnaninf.s                       0x00000000   Number         0  fnaninf.o ABSOLUTE
    ../fplib/fpinit.s                        0x00000000   Number         0  fpinit.o ABSOLUTE
    ../fplib/istatus.s                       0x00000000   Number         0  istatus.o ABSOLUTE
    ../fplib/printf1.s                       0x00000000   Number         0  printf1.o ABSOLUTE
    ../fplib/usenofp.s                       0x00000000   Number         0  usenofp.o ABSOLUTE
    ../mathlib/fpclassify.c                  0x00000000   Number         0  fpclassify.o ABSOLUTE
    App\\main.c                              0x00000000   Number         0  main.o ABSOLUTE
    App\main.c                               0x00000000   Number         0  main.o ABSOLUTE
    C:\Keil_v5\ARM\PACK\Keil\MDR1986BExx\1.5.3\Libraries\MDR32F9Qx_StdPeriph_Driver\src\MDR32F9Qx_port.c 0x00000000   Number         0  mdr32f9qx_port.o ABSOLUTE
    C:\Keil_v5\ARM\PACK\Keil\MDR1986BExx\1.5.3\Libraries\MDR32F9Qx_StdPeriph_Driver\src\MDR32F9Qx_rst_clk.c 0x00000000   Number         0  mdr32f9qx_rst_clk.o ABSOLUTE
    C:\Keil_v5\ARM\PACK\Keil\MDR1986BExx\1.5.3\Libraries\MDR32F9Qx_StdPeriph_Driver\src\MDR32F9Qx_timer.c 0x00000000   Number         0  mdr32f9qx_timer.o ABSOLUTE
    C:\\Keil_v5\\ARM\\PACK\\Keil\\MDR1986BExx\\1.5.3\\Libraries\\MDR32F9Qx_StdPeriph_Driver\\src\\MDR32F9Qx_port.c 0x00000000   Number         0  mdr32f9qx_port.o ABSOLUTE
    C:\\Keil_v5\\ARM\\PACK\\Keil\\MDR1986BExx\\1.5.3\\Libraries\\MDR32F9Qx_StdPeriph_Driver\\src\\MDR32F9Qx_rst_clk.c 0x00000000   Number         0  mdr32f9qx_rst_clk.o ABSOLUTE
    C:\\Keil_v5\\ARM\\PACK\\Keil\\MDR1986BExx\\1.5.3\\Libraries\\MDR32F9Qx_StdPeriph_Driver\\src\\MDR32F9Qx_timer.c 0x00000000   Number         0  mdr32f9qx_timer.o ABSOLUTE
    HW_CONFIG\\hw_config.c                   0x00000000   Number         0  hw_config.o ABSOLUTE
    HW_CONFIG\hw_config.c                    0x00000000   Number         0  hw_config.o ABSOLUTE
    MELT_MT-10T7\\melt_mt_10t7.c             0x00000000   Number         0  melt_mt_10t7.o ABSOLUTE
    MELT_MT-10T7\melt_mt_10t7.c              0x00000000   Number         0  melt_mt_10t7.o ABSOLUTE
    RTE\Device\MDR1986BE92\startup_MDR32F9Qx.s 0x00000000   Number         0  startup_mdr32f9qx.o ABSOLUTE
    RTE\Device\MDR1986BE92\system_MDR32F9Qx.c 0x00000000   Number         0  system_mdr32f9qx.o ABSOLUTE
    RTE\\Device\\MDR1986BE92\\system_MDR32F9Qx.c 0x00000000   Number         0  system_mdr32f9qx.o ABSOLUTE
    dc.s                                     0x00000000   Number         0  dc.o ABSOLUTE
    RESET                                    0x08000000   Section      192  startup_mdr32f9qx.o(RESET)
    !!!main                                  0x080000c0   Section        8  __main.o(!!!main)
    !!!scatter                               0x080000c8   Section       52  __scatter.o(!!!scatter)
    !!handler_copy                           0x080000fc   Section       26  __scatter_copy.o(!!handler_copy)
    !!handler_zi                             0x08000118   Section       28  __scatter_zi.o(!!handler_zi)
    .ARM.Collect$$_printf_percent$$00000000  0x08000134   Section        0  _printf_percent.o(.ARM.Collect$$_printf_percent$$00000000)
    .ARM.Collect$$_printf_percent$$00000009  0x08000134   Section        6  _printf_d.o(.ARM.Collect$$_printf_percent$$00000009)
    .ARM.Collect$$_printf_percent$$00000017  0x0800013a   Section        4  _printf_percent_end.o(.ARM.Collect$$_printf_percent$$00000017)
    .ARM.Collect$$libinit$$00000000          0x0800013e   Section        2  libinit.o(.ARM.Collect$$libinit$$00000000)
    .ARM.Collect$$libinit$$00000002          0x08000140   Section        0  libinit2.o(.ARM.Collect$$libinit$$00000002)
    .ARM.Collect$$libinit$$00000004          0x08000140   Section        0  libinit2.o(.ARM.Collect$$libinit$$00000004)
    .ARM.Collect$$libinit$$0000000A          0x08000140   Section        0  libinit2.o(.ARM.Collect$$libinit$$0000000A)
    .ARM.Collect$$libinit$$0000000C          0x08000140   Section        0  libinit2.o(.ARM.Collect$$libinit$$0000000C)
    .ARM.Collect$$libinit$$0000000E          0x08000140   Section        0  libinit2.o(.ARM.Collect$$libinit$$0000000E)
    .ARM.Collect$$libinit$$00000011          0x08000140   Section        0  libinit2.o(.ARM.Collect$$libinit$$00000011)
    .ARM.Collect$$libinit$$00000013          0x08000140   Section        0  libinit2.o(.ARM.Collect$$libinit$$00000013)
    .ARM.Collect$$libinit$$00000015          0x08000140   Section        0  libinit2.o(.ARM.Collect$$libinit$$00000015)
    .ARM.Collect$$libinit$$00000017          0x08000140   Section        0  libinit2.o(.ARM.Collect$$libinit$$00000017)
    .ARM.Collect$$libinit$$00000019          0x08000140   Section        0  libinit2.o(.ARM.Collect$$libinit$$00000019)
    .ARM.Collect$$libinit$$0000001B          0x08000140   Section        0  libinit2.o(.ARM.Collect$$libinit$$0000001B)
    .ARM.Collect$$libinit$$0000001D          0x08000140   Section        0  libinit2.o(.ARM.Collect$$libinit$$0000001D)
    .ARM.Collect$$libinit$$0000001F          0x08000140   Section        0  libinit2.o(.ARM.Collect$$libinit$$0000001F)
    .ARM.Collect$$libinit$$00000021          0x08000140   Section        0  libinit2.o(.ARM.Collect$$libinit$$00000021)
    .ARM.Collect$$libinit$$00000023          0x08000140   Section        0  libinit2.o(.ARM.Collect$$libinit$$00000023)
    .ARM.Collect$$libinit$$00000025          0x08000140   Section        0  libinit2.o(.ARM.Collect$$libinit$$00000025)
    .ARM.Collect$$libinit$$0000002C          0x08000140   Section        0  libinit2.o(.ARM.Collect$$libinit$$0000002C)
    .ARM.Collect$$libinit$$0000002E          0x08000140   Section        0  libinit2.o(.ARM.Collect$$libinit$$0000002E)
    .ARM.Collect$$libinit$$00000030          0x08000140   Section        0  libinit2.o(.ARM.Collect$$libinit$$00000030)
    .ARM.Collect$$libinit$$00000032          0x08000140   Section        0  libinit2.o(.ARM.Collect$$libinit$$00000032)
    .ARM.Collect$$libinit$$00000033          0x08000140   Section        2  libinit2.o(.ARM.Collect$$libinit$$00000033)
    .ARM.Collect$$libshutdown$$00000000      0x08000142   Section        2  libshutdown.o(.ARM.Collect$$libshutdown$$00000000)
    .ARM.Collect$$libshutdown$$00000002      0x08000144   Section        0  libshutdown2.o(.ARM.Collect$$libshutdown$$00000002)
    .ARM.Collect$$libshutdown$$00000004      0x08000144   Section        0  libshutdown2.o(.ARM.Collect$$libshutdown$$00000004)
    .ARM.Collect$$libshutdown$$00000007      0x08000144   Section        0  libshutdown2.o(.ARM.Collect$$libshutdown$$00000007)
    .ARM.Collect$$libshutdown$$0000000A      0x08000144   Section        0  libshutdown2.o(.ARM.Collect$$libshutdown$$0000000A)
    .ARM.Collect$$libshutdown$$0000000C      0x08000144   Section        0  libshutdown2.o(.ARM.Collect$$libshutdown$$0000000C)
    .ARM.Collect$$libshutdown$$0000000F      0x08000144   Section        0  libshutdown2.o(.ARM.Collect$$libshutdown$$0000000F)
    .ARM.Collect$$libshutdown$$00000010      0x08000144   Section        2  libshutdown2.o(.ARM.Collect$$libshutdown$$00000010)
    .ARM.Collect$$rtentry$$00000000          0x08000146   Section        0  __rtentry.o(.ARM.Collect$$rtentry$$00000000)
    .ARM.Collect$$rtentry$$00000002          0x08000146   Section        0  __rtentry2.o(.ARM.Collect$$rtentry$$00000002)
    .ARM.Collect$$rtentry$$00000004          0x08000146   Section        6  __rtentry4.o(.ARM.Collect$$rtentry$$00000004)
    .ARM.Collect$$rtentry$$00000009          0x0800014c   Section        0  __rtentry2.o(.ARM.Collect$$rtentry$$00000009)
    .ARM.Collect$$rtentry$$0000000A          0x0800014c   Section        4  __rtentry2.o(.ARM.Collect$$rtentry$$0000000A)
    .ARM.Collect$$rtentry$$0000000C          0x08000150   Section        0  __rtentry2.o(.ARM.Collect$$rtentry$$0000000C)
    .ARM.Collect$$rtentry$$0000000D          0x08000150   Section        8  __rtentry2.o(.ARM.Collect$$rtentry$$0000000D)
    .ARM.Collect$$rtexit$$00000000           0x08000158   Section        2  rtexit.o(.ARM.Collect$$rtexit$$00000000)
    .ARM.Collect$$rtexit$$00000002           0x0800015a   Section        0  rtexit2.o(.ARM.Collect$$rtexit$$00000002)
    .ARM.Collect$$rtexit$$00000003           0x0800015a   Section        4  rtexit2.o(.ARM.Collect$$rtexit$$00000003)
    .ARM.Collect$$rtexit$$00000004           0x0800015e   Section        6  rtexit2.o(.ARM.Collect$$rtexit$$00000004)
    .text                                    0x08000164   Section       64  startup_mdr32f9qx.o(.text)
    .text                                    0x080001a4   Section        0  __2sprintf.o(.text)
    .text                                    0x080001d0   Section        0  __printf.o(.text)
    .text                                    0x08000238   Section        0  _printf_dec.o(.text)
    .text                                    0x080002b0   Section        0  heapauxi.o(.text)
    .text                                    0x080002b6   Section        0  _printf_intcommon.o(.text)
    .text                                    0x08000368   Section        0  _printf_char_common.o(.text)
    _printf_input_char                       0x08000369   Thumb Code    10  _printf_char_common.o(.text)
    .text                                    0x08000398   Section        0  _sputc.o(.text)
    .text                                    0x080003a4   Section        8  libspace.o(.text)
    .text                                    0x080003ac   Section       74  sys_stackheap_outer.o(.text)
    .text                                    0x080003f6   Section        0  exit.o(.text)
    .text                                    0x08000408   Section        0  sys_exit.o(.text)
    .text                                    0x08000414   Section        2  use_no_semi.o(.text)
    .text                                    0x08000416   Section        0  indicate_semi.o(.text)
    i.CLEAR_LCD_MELT                         0x08000416   Section        0  melt_mt_10t7.o(i.CLEAR_LCD_MELT)
    i.Init_MT_10T7                           0x08000430   Section        0  melt_mt_10t7.o(i.Init_MT_10T7)
    i.PORTS_Init                             0x080004b4   Section        0  hw_config.o(i.PORTS_Init)
    i.PORT_Init                              0x08000598   Section        0  mdr32f9qx_port.o(i.PORT_Init)
    i.PORT_ResetBits                         0x08000760   Section        0  mdr32f9qx_port.o(i.PORT_ResetBits)
    i.PORT_SetBits                           0x0800077c   Section        0  mdr32f9qx_port.o(i.PORT_SetBits)
    i.PORT_WriteBit                          0x08000798   Section        0  mdr32f9qx_port.o(i.PORT_WriteBit)
    i.RST_CLK_PCLKcmd                        0x080007c4   Section        0  mdr32f9qx_rst_clk.o(i.RST_CLK_PCLKcmd)
    i.SysTickInit                            0x080007e4   Section        0  hw_config.o(i.SysTickInit)
    i.SysTick_Handler                        0x08000814   Section        0  main.o(i.SysTick_Handler)
    i.SystemCoreClockUpdate                  0x0800082c   Section        0  system_mdr32f9qx.o(i.SystemCoreClockUpdate)
    i.SystemInit                             0x080008bc   Section        0  system_mdr32f9qx.o(i.SystemInit)
    i.TIMER_GetCounter                       0x080008fc   Section        0  mdr32f9qx_timer.o(i.TIMER_GetCounter)
    i.WR1_Latch                              0x08000904   Section        0  melt_mt_10t7.o(i.WR1_Latch)
    i.delay_ms                               0x0800093c   Section        0  main.o(i.delay_ms)
    i.main                                   0x08000950   Section        0  main.o(i.main)
    i.writeDigit                             0x08000988   Section        0  melt_mt_10t7.o(i.writeDigit)
    i.writeNumber                            0x08000a2c   Section        0  melt_mt_10t7.o(i.writeNumber)
    i.writeSymbol                            0x08000a78   Section        0  melt_mt_10t7.o(i.writeSymbol)
    .constdata                               0x08000b5c   Section       22  melt_mt_10t7.o(.constdata)
    .data                                    0x20000000   Section        8  main.o(.data)
    .data                                    0x20000008   Section        4  system_mdr32f9qx.o(.data)
    .bss                                     0x2000000c   Section       96  libspace.o(.bss)
    HEAP                                     0x20000070   Section      512  startup_mdr32f9qx.o(HEAP)
    Heap_Mem                                 0x20000070   Data         512  startup_mdr32f9qx.o(HEAP)
    STACK                                    0x20000270   Section     1024  startup_mdr32f9qx.o(STACK)
    Stack_Mem                                0x20000270   Data        1024  startup_mdr32f9qx.o(STACK)
    __initial_sp                             0x20000670   Data           0  startup_mdr32f9qx.o(STACK)

    Global Symbols

    Symbol Name                              Value     Ov Type        Size  Object(Section)

    BuildAttributes$$THM_ISAv4$P$D$K$B$S$PE$A:L22UL41UL21$X:L11$S22US41US21$IEEE1$IW$USESV6$~STKCKD$USESV7$~SHL$OTIME$ROPI$IEEEJ$EBA8$UX$STANDARDLIB$REQ8$PRES8$EABIv2 0x00000000   Number         0  anon$$obj.o ABSOLUTE
    __ARM_use_no_argv                        0x00000000   Number         0  main.o ABSOLUTE
    _printf_flags                            0x00000000   Number         0  printf_stubs.o ABSOLUTE
    _printf_return_value                     0x00000000   Number         0  printf_stubs.o ABSOLUTE
    _printf_sizespec                         0x00000000   Number         0  printf_stubs.o ABSOLUTE
    _printf_widthprec                        0x00000000   Number         0  printf_stubs.o ABSOLUTE
    __ARM_exceptions_init                     - Undefined Weak Reference
    __alloca_initialize                       - Undefined Weak Reference
    __arm_preinit_                            - Undefined Weak Reference
    __cpp_initialize__aeabi_                  - Undefined Weak Reference
    __cxa_finalize                            - Undefined Weak Reference
    __sigvec_lookup                           - Undefined Weak Reference
    _atexit_init                              - Undefined Weak Reference
    _call_atexit_fns                          - Undefined Weak Reference
    _clock_init                               - Undefined Weak Reference
    _fp_trap_init                             - Undefined Weak Reference
    _fp_trap_shutdown                         - Undefined Weak Reference
    _get_lc_collate                           - Undefined Weak Reference
    _get_lc_ctype                             - Undefined Weak Reference
    _get_lc_monetary                          - Undefined Weak Reference
    _get_lc_time                              - Undefined Weak Reference
    _getenv_init                              - Undefined Weak Reference
    _handle_redirection                       - Undefined Weak Reference
    _init_alloc                               - Undefined Weak Reference
    _init_user_alloc                          - Undefined Weak Reference
    _initio                                   - Undefined Weak Reference
    _printf_post_padding                      - Undefined Weak Reference
    _printf_pre_padding                       - Undefined Weak Reference
    _printf_truncate_signed                   - Undefined Weak Reference
    _printf_truncate_unsigned                 - Undefined Weak Reference
    _rand_init                                - Undefined Weak Reference
    _signal_finish                            - Undefined Weak Reference
    _signal_init                              - Undefined Weak Reference
    _terminate_alloc                          - Undefined Weak Reference
    _terminate_user_alloc                     - Undefined Weak Reference
    _terminateio                              - Undefined Weak Reference
    __Vectors_Size                           0x000000c0   Number         0  startup_mdr32f9qx.o ABSOLUTE
    __Vectors                                0x08000000   Data           4  startup_mdr32f9qx.o(RESET)
    __Vectors_End                            0x080000c0   Data           0  startup_mdr32f9qx.o(RESET)
    __main                                   0x080000c1   Thumb Code     8  __main.o(!!!main)
    __scatterload                            0x080000c9   Thumb Code     0  __scatter.o(!!!scatter)
    __scatterload_rt2                        0x080000c9   Thumb Code    44  __scatter.o(!!!scatter)
    __scatterload_rt2_thumb_only             0x080000c9   Thumb Code     0  __scatter.o(!!!scatter)
    __scatterload_null                       0x080000d7   Thumb Code     0  __scatter.o(!!!scatter)
    __scatterload_copy                       0x080000fd   Thumb Code    26  __scatter_copy.o(!!handler_copy)
    __scatterload_zeroinit                   0x08000119   Thumb Code    28  __scatter_zi.o(!!handler_zi)
    _printf_d                                0x08000135   Thumb Code     0  _printf_d.o(.ARM.Collect$$_printf_percent$$00000009)
    _printf_percent                          0x08000135   Thumb Code     0  _printf_percent.o(.ARM.Collect$$_printf_percent$$00000000)
    _printf_percent_end                      0x0800013b   Thumb Code     0  _printf_percent_end.o(.ARM.Collect$$_printf_percent$$00000017)
    __rt_lib_init                            0x0800013f   Thumb Code     0  libinit.o(.ARM.Collect$$libinit$$00000000)
    __rt_lib_init_alloca_1                   0x08000141   Thumb Code     0  libinit2.o(.ARM.Collect$$libinit$$0000002E)
    __rt_lib_init_argv_1                     0x08000141   Thumb Code     0  libinit2.o(.ARM.Collect$$libinit$$0000002C)
    __rt_lib_init_atexit_1                   0x08000141   Thumb Code     0  libinit2.o(.ARM.Collect$$libinit$$0000001B)
    __rt_lib_init_clock_1                    0x08000141   Thumb Code     0  libinit2.o(.ARM.Collect$$libinit$$00000021)
    __rt_lib_init_cpp_1                      0x08000141   Thumb Code     0  libinit2.o(.ARM.Collect$$libinit$$00000032)
    __rt_lib_init_exceptions_1               0x08000141   Thumb Code     0  libinit2.o(.ARM.Collect$$libinit$$00000030)
    __rt_lib_init_fp_1                       0x08000141   Thumb Code     0  libinit2.o(.ARM.Collect$$libinit$$00000002)
    __rt_lib_init_fp_trap_1                  0x08000141   Thumb Code     0  libinit2.o(.ARM.Collect$$libinit$$0000001F)
    __rt_lib_init_getenv_1                   0x08000141   Thumb Code     0  libinit2.o(.ARM.Collect$$libinit$$00000023)
    __rt_lib_init_heap_1                     0x08000141   Thumb Code     0  libinit2.o(.ARM.Collect$$libinit$$0000000A)
    __rt_lib_init_lc_collate_1               0x08000141   Thumb Code     0  libinit2.o(.ARM.Collect$$libinit$$00000011)
    __rt_lib_init_lc_ctype_1                 0x08000141   Thumb Code     0  libinit2.o(.ARM.Collect$$libinit$$00000013)
    __rt_lib_init_lc_monetary_1              0x08000141   Thumb Code     0  libinit2.o(.ARM.Collect$$libinit$$00000015)
    __rt_lib_init_lc_numeric_1               0x08000141   Thumb Code     0  libinit2.o(.ARM.Collect$$libinit$$00000017)
    __rt_lib_init_lc_time_1                  0x08000141   Thumb Code     0  libinit2.o(.ARM.Collect$$libinit$$00000019)
    __rt_lib_init_preinit_1                  0x08000141   Thumb Code     0  libinit2.o(.ARM.Collect$$libinit$$00000004)
    __rt_lib_init_rand_1                     0x08000141   Thumb Code     0  libinit2.o(.ARM.Collect$$libinit$$0000000E)
    __rt_lib_init_return                     0x08000141   Thumb Code     0  libinit2.o(.ARM.Collect$$libinit$$00000033)
    __rt_lib_init_signal_1                   0x08000141   Thumb Code     0  libinit2.o(.ARM.Collect$$libinit$$0000001D)
    __rt_lib_init_stdio_1                    0x08000141   Thumb Code     0  libinit2.o(.ARM.Collect$$libinit$$00000025)
    __rt_lib_init_user_alloc_1               0x08000141   Thumb Code     0  libinit2.o(.ARM.Collect$$libinit$$0000000C)
    __rt_lib_shutdown                        0x08000143   Thumb Code     0  libshutdown.o(.ARM.Collect$$libshutdown$$00000000)
    __rt_lib_shutdown_cpp_1                  0x08000145   Thumb Code     0  libshutdown2.o(.ARM.Collect$$libshutdown$$00000002)
    __rt_lib_shutdown_fp_trap_1              0x08000145   Thumb Code     0  libshutdown2.o(.ARM.Collect$$libshutdown$$00000007)
    __rt_lib_shutdown_heap_1                 0x08000145   Thumb Code     0  libshutdown2.o(.ARM.Collect$$libshutdown$$0000000F)
    __rt_lib_shutdown_return                 0x08000145   Thumb Code     0  libshutdown2.o(.ARM.Collect$$libshutdown$$00000010)
    __rt_lib_shutdown_signal_1               0x08000145   Thumb Code     0  libshutdown2.o(.ARM.Collect$$libshutdown$$0000000A)
    __rt_lib_shutdown_stdio_1                0x08000145   Thumb Code     0  libshutdown2.o(.ARM.Collect$$libshutdown$$00000004)
    __rt_lib_shutdown_user_alloc_1           0x08000145   Thumb Code     0  libshutdown2.o(.ARM.Collect$$libshutdown$$0000000C)
    __rt_entry                               0x08000147   Thumb Code     0  __rtentry.o(.ARM.Collect$$rtentry$$00000000)
    __rt_entry_presh_1                       0x08000147   Thumb Code     0  __rtentry2.o(.ARM.Collect$$rtentry$$00000002)
    __rt_entry_sh                            0x08000147   Thumb Code     0  __rtentry4.o(.ARM.Collect$$rtentry$$00000004)
    __rt_entry_li                            0x0800014d   Thumb Code     0  __rtentry2.o(.ARM.Collect$$rtentry$$0000000A)
    __rt_entry_postsh_1                      0x0800014d   Thumb Code     0  __rtentry2.o(.ARM.Collect$$rtentry$$00000009)
    __rt_entry_main                          0x08000151   Thumb Code     0  __rtentry2.o(.ARM.Collect$$rtentry$$0000000D)
    __rt_entry_postli_1                      0x08000151   Thumb Code     0  __rtentry2.o(.ARM.Collect$$rtentry$$0000000C)
    __rt_exit                                0x08000159   Thumb Code     0  rtexit.o(.ARM.Collect$$rtexit$$00000000)
    __rt_exit_ls                             0x0800015b   Thumb Code     0  rtexit2.o(.ARM.Collect$$rtexit$$00000003)
    __rt_exit_prels_1                        0x0800015b   Thumb Code     0  rtexit2.o(.ARM.Collect$$rtexit$$00000002)
    __rt_exit_exit                           0x0800015f   Thumb Code     0  rtexit2.o(.ARM.Collect$$rtexit$$00000004)
    Reset_Handler                            0x08000165   Thumb Code     8  startup_mdr32f9qx.o(.text)
    NMI_Handler                              0x0800016d   Thumb Code     2  startup_mdr32f9qx.o(.text)
    HardFault_Handler                        0x0800016f   Thumb Code     2  startup_mdr32f9qx.o(.text)
    MemManage_Handler                        0x08000171   Thumb Code     2  startup_mdr32f9qx.o(.text)
    BusFault_Handler                         0x08000173   Thumb Code     2  startup_mdr32f9qx.o(.text)
    UsageFault_Handler                       0x08000175   Thumb Code     2  startup_mdr32f9qx.o(.text)
    SVC_Handler                              0x08000177   Thumb Code     2  startup_mdr32f9qx.o(.text)
    DebugMon_Handler                         0x08000179   Thumb Code     2  startup_mdr32f9qx.o(.text)
    PendSV_Handler                           0x0800017b   Thumb Code     2  startup_mdr32f9qx.o(.text)
    ADC_IRQHandler                           0x0800017f   Thumb Code     0  startup_mdr32f9qx.o(.text)
    BACKUP_IRQHandler                        0x0800017f   Thumb Code     0  startup_mdr32f9qx.o(.text)
    CAN1_IRQHandler                          0x0800017f   Thumb Code     0  startup_mdr32f9qx.o(.text)
    CAN2_IRQHandler                          0x0800017f   Thumb Code     0  startup_mdr32f9qx.o(.text)
    COMPARATOR_IRQHandler                    0x0800017f   Thumb Code     0  startup_mdr32f9qx.o(.text)
    DMA_IRQHandler                           0x0800017f   Thumb Code     0  startup_mdr32f9qx.o(.text)
    EXT_INT1_IRQHandler                      0x0800017f   Thumb Code     0  startup_mdr32f9qx.o(.text)
    EXT_INT2_IRQHandler                      0x0800017f   Thumb Code     0  startup_mdr32f9qx.o(.text)
    EXT_INT3_IRQHandler                      0x0800017f   Thumb Code     0  startup_mdr32f9qx.o(.text)
    EXT_INT4_IRQHandler                      0x0800017f   Thumb Code     0  startup_mdr32f9qx.o(.text)
    I2C_IRQHandler                           0x0800017f   Thumb Code     0  startup_mdr32f9qx.o(.text)
    POWER_IRQHandler                         0x0800017f   Thumb Code     0  startup_mdr32f9qx.o(.text)
    SSP1_IRQHandler                          0x0800017f   Thumb Code     0  startup_mdr32f9qx.o(.text)
    SSP2_IRQHandler                          0x0800017f   Thumb Code     0  startup_mdr32f9qx.o(.text)
    Timer1_IRQHandler                        0x0800017f   Thumb Code     0  startup_mdr32f9qx.o(.text)
    Timer2_IRQHandler                        0x0800017f   Thumb Code     0  startup_mdr32f9qx.o(.text)
    Timer3_IRQHandler                        0x0800017f   Thumb Code     0  startup_mdr32f9qx.o(.text)
    UART1_IRQHandler                         0x0800017f   Thumb Code     0  startup_mdr32f9qx.o(.text)
    UART2_IRQHandler                         0x0800017f   Thumb Code     0  startup_mdr32f9qx.o(.text)
    USB_IRQHandler                           0x0800017f   Thumb Code     0  startup_mdr32f9qx.o(.text)
    WWDG_IRQHandler                          0x0800017f   Thumb Code     0  startup_mdr32f9qx.o(.text)
    __user_initial_stackheap                 0x08000181   Thumb Code     0  startup_mdr32f9qx.o(.text)
    __2sprintf                               0x080001a5   Thumb Code    38  __2sprintf.o(.text)
    __printf                                 0x080001d1   Thumb Code   104  __printf.o(.text)
    _printf_int_dec                          0x08000239   Thumb Code   104  _printf_dec.o(.text)
    __use_two_region_memory                  0x080002b1   Thumb Code     2  heapauxi.o(.text)
    __rt_heap_escrow$2region                 0x080002b3   Thumb Code     2  heapauxi.o(.text)
    __rt_heap_expand$2region                 0x080002b5   Thumb Code     2  heapauxi.o(.text)
    _printf_int_common                       0x080002b7   Thumb Code   178  _printf_intcommon.o(.text)
    _printf_char_common                      0x08000373   Thumb Code    32  _printf_char_common.o(.text)
    _sputc                                   0x08000399   Thumb Code    10  _sputc.o(.text)
    __user_libspace                          0x080003a5   Thumb Code     8  libspace.o(.text)
    __user_perproc_libspace                  0x080003a5   Thumb Code     0  libspace.o(.text)
    __user_perthread_libspace                0x080003a5   Thumb Code     0  libspace.o(.text)
    __user_setup_stackheap                   0x080003ad   Thumb Code    74  sys_stackheap_outer.o(.text)
    exit                                     0x080003f7   Thumb Code    18  exit.o(.text)
    _sys_exit                                0x08000409   Thumb Code     8  sys_exit.o(.text)
    __I$use$semihosting                      0x08000415   Thumb Code     0  use_no_semi.o(.text)
    __use_no_semihosting_swi                 0x08000415   Thumb Code     2  use_no_semi.o(.text)
    CLEAR_LCD_MELT                           0x08000417   Thumb Code    26  melt_mt_10t7.o(i.CLEAR_LCD_MELT)
    __semihosting_library_function           0x08000417   Thumb Code     0  indicate_semi.o(.text)
    Init_MT_10T7                             0x08000431   Thumb Code   120  melt_mt_10t7.o(i.Init_MT_10T7)
    PORTS_Init                               0x080004b5   Thumb Code   216  hw_config.o(i.PORTS_Init)
    PORT_Init                                0x08000599   Thumb Code   450  mdr32f9qx_port.o(i.PORT_Init)
    PORT_ResetBits                           0x08000761   Thumb Code    22  mdr32f9qx_port.o(i.PORT_ResetBits)
    PORT_SetBits                             0x0800077d   Thumb Code    22  mdr32f9qx_port.o(i.PORT_SetBits)
    PORT_WriteBit                            0x08000799   Thumb Code    40  mdr32f9qx_port.o(i.PORT_WriteBit)
    RST_CLK_PCLKcmd                          0x080007c5   Thumb Code    26  mdr32f9qx_rst_clk.o(i.RST_CLK_PCLKcmd)
    SysTickInit                              0x080007e5   Thumb Code    48  hw_config.o(i.SysTickInit)
    SysTick_Handler                          0x08000815   Thumb Code    18  main.o(i.SysTick_Handler)
    SystemCoreClockUpdate                    0x0800082d   Thumb Code   130  system_mdr32f9qx.o(i.SystemCoreClockUpdate)
    SystemInit                               0x080008bd   Thumb Code    54  system_mdr32f9qx.o(i.SystemInit)
    TIMER_GetCounter                         0x080008fd   Thumb Code     8  mdr32f9qx_timer.o(i.TIMER_GetCounter)
    WR1_Latch                                0x08000905   Thumb Code    50  melt_mt_10t7.o(i.WR1_Latch)
    delay_ms                                 0x0800093d   Thumb Code    16  main.o(i.delay_ms)
    main                                     0x08000951   Thumb Code    52  main.o(i.main)
    writeDigit                               0x08000989   Thumb Code   162  melt_mt_10t7.o(i.writeDigit)
    writeNumber                              0x08000a2d   Thumb Code    66  melt_mt_10t7.o(i.writeNumber)
    writeSymbol                              0x08000a79   Thumb Code   216  melt_mt_10t7.o(i.writeSymbol)
    Region$$Table$$Base                      0x08000b74   Number         0  anon$$obj.o(Region$$Table)
    Region$$Table$$Limit                     0x08000b94   Number         0  anon$$obj.o(Region$$Table)
    t                                        0x20000000   Data           4  main.o(.data)
    delay_dec                                0x20000004   Data           4  main.o(.data)
    SystemCoreClock                          0x20000008   Data           4  system_mdr32f9qx.o(.data)
    __libspace_start                         0x2000000c   Data          96  libspace.o(.bss)
    __temporary_stack_top$libspace           0x2000006c   Data           0  libspace.o(.bss)



==============================================================================

Memory Map of the image

  Image Entry point : 0x080000c1

  Load Region LR_IROM1 (Base: 0x08000000, Size: 0x00000ba0, Max: 0x00020000, ABSOLUTE)

    Execution Region ER_IROM1 (Exec base: 0x08000000, Load base: 0x08000000, Size: 0x00000b94, Max: 0x00020000, ABSOLUTE)

    Exec Addr    Load Addr    Size         Type   Attr      Idx    E Section Name        Object

    0x08000000   0x08000000   0x000000c0   Data   RO          196    RESET               startup_mdr32f9qx.o
    0x080000c0   0x080000c0   0x00000008   Code   RO          923  * !!!main             c_w.l(__main.o)
    0x080000c8   0x080000c8   0x00000034   Code   RO         1143    !!!scatter          c_w.l(__scatter.o)
    0x080000fc   0x080000fc   0x0000001a   Code   RO         1145    !!handler_copy      c_w.l(__scatter_copy.o)
    0x08000116   0x08000116   0x00000002   PAD
    0x08000118   0x08000118   0x0000001c   Code   RO         1147    !!handler_zi        c_w.l(__scatter_zi.o)
    0x08000134   0x08000134   0x00000000   Code   RO          920    .ARM.Collect$$_printf_percent$$00000000  c_w.l(_printf_percent.o)
    0x08000134   0x08000134   0x00000006   Code   RO          918    .ARM.Collect$$_printf_percent$$00000009  c_w.l(_printf_d.o)
    0x0800013a   0x0800013a   0x00000004   Code   RO          938    .ARM.Collect$$_printf_percent$$00000017  c_w.l(_printf_percent_end.o)
    0x0800013e   0x0800013e   0x00000002   Code   RO         1016    .ARM.Collect$$libinit$$00000000  c_w.l(libinit.o)
    0x08000140   0x08000140   0x00000000   Code   RO         1018    .ARM.Collect$$libinit$$00000002  c_w.l(libinit2.o)
    0x08000140   0x08000140   0x00000000   Code   RO         1020    .ARM.Collect$$libinit$$00000004  c_w.l(libinit2.o)
    0x08000140   0x08000140   0x00000000   Code   RO         1023    .ARM.Collect$$libinit$$0000000A  c_w.l(libinit2.o)
    0x08000140   0x08000140   0x00000000   Code   RO         1025    .ARM.Collect$$libinit$$0000000C  c_w.l(libinit2.o)
    0x08000140   0x08000140   0x00000000   Code   RO         1027    .ARM.Collect$$libinit$$0000000E  c_w.l(libinit2.o)
    0x08000140   0x08000140   0x00000000   Code   RO         1030    .ARM.Collect$$libinit$$00000011  c_w.l(libinit2.o)
    0x08000140   0x08000140   0x00000000   Code   RO         1032    .ARM.Collect$$libinit$$00000013  c_w.l(libinit2.o)
    0x08000140   0x08000140   0x00000000   Code   RO         1034    .ARM.Collect$$libinit$$00000015  c_w.l(libinit2.o)
    0x08000140   0x08000140   0x00000000   Code   RO         1036    .ARM.Collect$$libinit$$00000017  c_w.l(libinit2.o)
    0x08000140   0x08000140   0x00000000   Code   RO         1038    .ARM.Collect$$libinit$$00000019  c_w.l(libinit2.o)
    0x08000140   0x08000140   0x00000000   Code   RO         1040    .ARM.Collect$$libinit$$0000001B  c_w.l(libinit2.o)
    0x08000140   0x08000140   0x00000000   Code   RO         1042    .ARM.Collect$$libinit$$0000001D  c_w.l(libinit2.o)
    0x08000140   0x08000140   0x00000000   Code   RO         1044    .ARM.Collect$$libinit$$0000001F  c_w.l(libinit2.o)
    0x08000140   0x08000140   0x00000000   Code   RO         1046    .ARM.Collect$$libinit$$00000021  c_w.l(libinit2.o)
    0x08000140   0x08000140   0x00000000   Code   RO         1048    .ARM.Collect$$libinit$$00000023  c_w.l(libinit2.o)
    0x08000140   0x08000140   0x00000000   Code   RO         1050    .ARM.Collect$$libinit$$00000025  c_w.l(libinit2.o)
    0x08000140   0x08000140   0x00000000   Code   RO         1054    .ARM.Collect$$libinit$$0000002C  c_w.l(libinit2.o)
    0x08000140   0x08000140   0x00000000   Code   RO         1056    .ARM.Collect$$libinit$$0000002E  c_w.l(libinit2.o)
    0x08000140   0x08000140   0x00000000   Code   RO         1058    .ARM.Collect$$libinit$$00000030  c_w.l(libinit2.o)
    0x08000140   0x08000140   0x00000000   Code   RO         1060    .ARM.Collect$$libinit$$00000032  c_w.l(libinit2.o)
    0x08000140   0x08000140   0x00000002   Code   RO         1061    .ARM.Collect$$libinit$$00000033  c_w.l(libinit2.o)
    0x08000142   0x08000142   0x00000002   Code   RO         1091    .ARM.Collect$$libshutdown$$00000000  c_w.l(libshutdown.o)
    0x08000144   0x08000144   0x00000000   Code   RO         1102    .ARM.Collect$$libshutdown$$00000002  c_w.l(libshutdown2.o)
    0x08000144   0x08000144   0x00000000   Code   RO         1104    .ARM.Collect$$libshutdown$$00000004  c_w.l(libshutdown2.o)
    0x08000144   0x08000144   0x00000000   Code   RO         1107    .ARM.Collect$$libshutdown$$00000007  c_w.l(libshutdown2.o)
    0x08000144   0x08000144   0x00000000   Code   RO         1110    .ARM.Collect$$libshutdown$$0000000A  c_w.l(libshutdown2.o)
    0x08000144   0x08000144   0x00000000   Code   RO         1112    .ARM.Collect$$libshutdown$$0000000C  c_w.l(libshutdown2.o)
    0x08000144   0x08000144   0x00000000   Code   RO         1115    .ARM.Collect$$libshutdown$$0000000F  c_w.l(libshutdown2.o)
    0x08000144   0x08000144   0x00000002   Code   RO         1116    .ARM.Collect$$libshutdown$$00000010  c_w.l(libshutdown2.o)
    0x08000146   0x08000146   0x00000000   Code   RO          929    .ARM.Collect$$rtentry$$00000000  c_w.l(__rtentry.o)
    0x08000146   0x08000146   0x00000000   Code   RO          945    .ARM.Collect$$rtentry$$00000002  c_w.l(__rtentry2.o)
    0x08000146   0x08000146   0x00000006   Code   RO          957    .ARM.Collect$$rtentry$$00000004  c_w.l(__rtentry4.o)
    0x0800014c   0x0800014c   0x00000000   Code   RO          947    .ARM.Collect$$rtentry$$00000009  c_w.l(__rtentry2.o)
    0x0800014c   0x0800014c   0x00000004   Code   RO          948    .ARM.Collect$$rtentry$$0000000A  c_w.l(__rtentry2.o)
    0x08000150   0x08000150   0x00000000   Code   RO          950    .ARM.Collect$$rtentry$$0000000C  c_w.l(__rtentry2.o)
    0x08000150   0x08000150   0x00000008   Code   RO          951    .ARM.Collect$$rtentry$$0000000D  c_w.l(__rtentry2.o)
    0x08000158   0x08000158   0x00000002   Code   RO         1062    .ARM.Collect$$rtexit$$00000000  c_w.l(rtexit.o)
    0x0800015a   0x0800015a   0x00000000   Code   RO         1069    .ARM.Collect$$rtexit$$00000002  c_w.l(rtexit2.o)
    0x0800015a   0x0800015a   0x00000004   Code   RO         1070    .ARM.Collect$$rtexit$$00000003  c_w.l(rtexit2.o)
    0x0800015e   0x0800015e   0x00000006   Code   RO         1071    .ARM.Collect$$rtexit$$00000004  c_w.l(rtexit2.o)
    0x08000164   0x08000164   0x00000040   Code   RO          197    .text               startup_mdr32f9qx.o
    0x080001a4   0x080001a4   0x0000002c   Code   RO          890    .text               c_w.l(__2sprintf.o)
    0x080001d0   0x080001d0   0x00000068   Code   RO          894    .text               c_w.l(__printf.o)
    0x08000238   0x08000238   0x00000078   Code   RO          896    .text               c_w.l(_printf_dec.o)
    0x080002b0   0x080002b0   0x00000006   Code   RO          921    .text               c_w.l(heapauxi.o)
    0x080002b6   0x080002b6   0x000000b2   Code   RO          930    .text               c_w.l(_printf_intcommon.o)
    0x08000368   0x08000368   0x00000030   Code   RO          934    .text               c_w.l(_printf_char_common.o)
    0x08000398   0x08000398   0x0000000a   Code   RO          936    .text               c_w.l(_sputc.o)
    0x080003a2   0x080003a2   0x00000002   PAD
    0x080003a4   0x080003a4   0x00000008   Code   RO         1002    .text               c_w.l(libspace.o)
    0x080003ac   0x080003ac   0x0000004a   Code   RO         1005    .text               c_w.l(sys_stackheap_outer.o)
    0x080003f6   0x080003f6   0x00000012   Code   RO         1007    .text               c_w.l(exit.o)
    0x08000408   0x08000408   0x0000000c   Code   RO         1081    .text               c_w.l(sys_exit.o)
    0x08000414   0x08000414   0x00000002   Code   RO         1092    .text               c_w.l(use_no_semi.o)
    0x08000416   0x08000416   0x00000000   Code   RO         1094    .text               c_w.l(indicate_semi.o)
    0x08000416   0x08000416   0x0000001a   Code   RO          133    i.CLEAR_LCD_MELT    melt_mt_10t7.o
    0x08000430   0x08000430   0x00000084   Code   RO          134    i.Init_MT_10T7      melt_mt_10t7.o
    0x080004b4   0x080004b4   0x000000e4   Code   RO           94    i.PORTS_Init        hw_config.o
    0x08000598   0x08000598   0x000001c8   Code   RO          244    i.PORT_Init         mdr32f9qx_port.o
    0x08000760   0x08000760   0x0000001c   Code   RO          247    i.PORT_ResetBits    mdr32f9qx_port.o
    0x0800077c   0x0800077c   0x0000001c   Code   RO          248    i.PORT_SetBits      mdr32f9qx_port.o
    0x08000798   0x08000798   0x0000002c   Code   RO          251    i.PORT_WriteBit     mdr32f9qx_port.o
    0x080007c4   0x080007c4   0x00000020   Code   RO          339    i.RST_CLK_PCLKcmd   mdr32f9qx_rst_clk.o
    0x080007e4   0x080007e4   0x00000030   Code   RO           95    i.SysTickInit       hw_config.o
    0x08000814   0x08000814   0x00000018   Code   RO            4    i.SysTick_Handler   main.o
    0x0800082c   0x0800082c   0x00000090   Code   RO          204    i.SystemCoreClockUpdate  system_mdr32f9qx.o
    0x080008bc   0x080008bc   0x00000040   Code   RO          205    i.SystemInit        system_mdr32f9qx.o
    0x080008fc   0x080008fc   0x00000008   Code   RO          581    i.TIMER_GetCounter  mdr32f9qx_timer.o
    0x08000904   0x08000904   0x00000038   Code   RO          135    i.WR1_Latch         melt_mt_10t7.o
    0x0800093c   0x0800093c   0x00000014   Code   RO            5    i.delay_ms          main.o
    0x08000950   0x08000950   0x00000038   Code   RO            6    i.main              main.o
    0x08000988   0x08000988   0x000000a2   Code   RO          136    i.writeDigit        melt_mt_10t7.o
    0x08000a2a   0x08000a2a   0x00000002   PAD
    0x08000a2c   0x08000a2c   0x0000004c   Code   RO          137    i.writeNumber       melt_mt_10t7.o
    0x08000a78   0x08000a78   0x000000e4   Code   RO          139    i.writeSymbol       melt_mt_10t7.o
    0x08000b5c   0x08000b5c   0x00000016   Data   RO          140    .constdata          melt_mt_10t7.o
    0x08000b72   0x08000b72   0x00000002   PAD
    0x08000b74   0x08000b74   0x00000020   Data   RO         1141    Region$$Table       anon$$obj.o


    Execution Region RW_IRAM1 (Exec base: 0x20000000, Load base: 0x08000b94, Size: 0x00000670, Max: 0x00008000, ABSOLUTE)

    Exec Addr    Load Addr    Size         Type   Attr      Idx    E Section Name        Object

    0x20000000   0x08000b94   0x00000008   Data   RW            7    .data               main.o
    0x20000008   0x08000b9c   0x00000004   Data   RW          206    .data               system_mdr32f9qx.o
    0x2000000c        -       0x00000060   Zero   RW         1003    .bss                c_w.l(libspace.o)
    0x2000006c   0x08000ba0   0x00000004   PAD
    0x20000070        -       0x00000200   Zero   RW          195    HEAP                startup_mdr32f9qx.o
    0x20000270        -       0x00000400   Zero   RW          194    STACK               startup_mdr32f9qx.o


==============================================================================

Image component sizes


      Code (inc. data)   RO Data    RW Data    ZI Data      Debug   Object Name

       276         12          0          0          0       1095   hw_config.o
       100         14          0          8          0      70446   main.o
       556         22          0          0          0       3536   mdr32f9qx_port.o
        32          6          0          0          0        618   mdr32f9qx_rst_clk.o
         8          0          0          0          0       1167   mdr32f9qx_timer.o
       680         50         22          0          0       3613   melt_mt_10t7.o
        64         26        192          0       1536        796   startup_mdr32f9qx.o
       208         24          0          4          0       1347   system_mdr32f9qx.o

    ----------------------------------------------------------------------
      1926        154        248         12       1536      82618   Object Totals
         0          0         32          0          0          0   (incl. Generated)
         2          0          2          0          0          0   (incl. Padding)

    ----------------------------------------------------------------------

      Code (inc. data)   RO Data    RW Data    ZI Data      Debug   Library Member Name

        44          6          0          0          0         84   __2sprintf.o
         8          0          0          0          0         68   __main.o
       104          0          0          0          0         84   __printf.o
         0          0          0          0          0          0   __rtentry.o
        12          0          0          0          0          0   __rtentry2.o
         6          0          0          0          0          0   __rtentry4.o
        52          8          0          0          0          0   __scatter.o
        26          0          0          0          0          0   __scatter_copy.o
        28          0          0          0          0          0   __scatter_zi.o
        48          6          0          0          0         96   _printf_char_common.o
         6          0          0          0          0          0   _printf_d.o
       120         16          0          0          0         92   _printf_dec.o
       178          0          0          0          0         88   _printf_intcommon.o
         0          0          0          0          0          0   _printf_percent.o
         4          0          0          0          0          0   _printf_percent_end.o
        10          0          0          0          0         68   _sputc.o
        18          0          0          0          0         80   exit.o
         6          0          0          0          0        152   heapauxi.o
         0          0          0          0          0          0   indicate_semi.o
         2          0          0          0          0          0   libinit.o
         2          0          0          0          0          0   libinit2.o
         2          0          0          0          0          0   libshutdown.o
         2          0          0          0          0          0   libshutdown2.o
         8          4          0          0         96         68   libspace.o
         2          0          0          0          0          0   rtexit.o
        10          0          0          0          0          0   rtexit2.o
        12          4          0          0          0         68   sys_exit.o
        74          0          0          0          0         80   sys_stackheap_outer.o
         2          0          0          0          0         68   use_no_semi.o

    ----------------------------------------------------------------------
       790         44          0          0        100       1096   Library Totals
         4          0          0          0          4          0   (incl. Padding)

    ----------------------------------------------------------------------

      Code (inc. data)   RO Data    RW Data    ZI Data      Debug   Library Name

       786         44          0          0         96       1096   c_w.l

    ----------------------------------------------------------------------
       790         44          0          0        100       1096   Library Totals

    ----------------------------------------------------------------------

==============================================================================


      Code (inc. data)   RO Data    RW Data    ZI Data      Debug   

      2716        198        248         12       1636      82358   Grand Totals
      2716        198        248         12       1636      82358   ELF Image Totals
      2716        198        248         12          0          0   ROM Totals

==============================================================================

    Total RO  Size (Code + RO Data)                 2964 (   2.89kB)
    Total RW  Size (RW Data + ZI Data)              1648 (   1.61kB)
    Total ROM Size (Code + RO Data + RW Data)       2976 (   2.91kB)

==============================================================================

